[0.149s] DEBUG:colcon:Command line arguments: ['/usr/bin/colcon', 'build']
[0.149s] DEBUG:colcon:Parsed command line arguments: Namespace(log_base=None, log_level=None, verb_name='build', build_base='build', install_base='install', merge_install=False, symlink_install=False, test_result_base=None, continue_on_error=False, executor='parallel', parallel_workers=16, event_handlers=None, ignore_user_meta=False, metas=['./colcon.meta'], base_paths=['.'], packages_ignore=None, packages_ignore_regex=None, paths=None, packages_up_to=None, packages_up_to_regex=None, packages_above=None, packages_above_and_dependencies=None, packages_above_depth=None, packages_select_by_dep=None, packages_skip_by_dep=None, packages_skip_up_to=None, packages_select_build_failed=False, packages_skip_build_finished=False, packages_select_test_failures=False, packages_skip_test_passed=False, packages_select=None, packages_skip=None, packages_select_regex=None, packages_skip_regex=None, packages_start=None, packages_end=None, allow_overriding=[], cmake_args=None, cmake_target=None, cmake_target_skip_unavailable=False, cmake_clean_cache=False, cmake_clean_first=False, cmake_force_configure=False, ament_cmake_args=None, catkin_cmake_args=None, catkin_skip_building_tests=False, mixin_files=None, mixin=None, verb_parser=<colcon_mixin.mixin.mixin_argument.MixinArgumentDecorator object at 0x74de978aa390>, verb_extension=<colcon_core.verb.build.BuildVerb object at 0x74de978a9f40>, main=<bound method BuildVerb.main of <colcon_core.verb.build.BuildVerb object at 0x74de978a9f40>>, mixin_verb=('build',))
[0.180s] Level 1:colcon.colcon_core.package_discovery:discover_packages(colcon_meta) check parameters
[0.180s] Level 1:colcon.colcon_core.package_discovery:discover_packages(recursive) check parameters
[0.180s] Level 1:colcon.colcon_core.package_discovery:discover_packages(ignore) check parameters
[0.180s] Level 1:colcon.colcon_core.package_discovery:discover_packages(path) check parameters
[0.180s] Level 1:colcon.colcon_core.package_discovery:discover_packages(colcon_meta) discover
[0.180s] Level 1:colcon.colcon_core.package_discovery:discover_packages(recursive) discover
[0.180s] INFO:colcon.colcon_core.package_discovery:Crawling recursively for packages in '/home/laura/scara_ws/microros_ws'
[0.180s] Level 1:colcon.colcon_core.package_identification:_identify(.) by extensions ['ignore', 'ignore_ament_install']
[0.180s] Level 1:colcon.colcon_core.package_identification:_identify(.) by extension 'ignore'
[0.180s] Level 1:colcon.colcon_core.package_identification:_identify(.) by extension 'ignore_ament_install'
[0.180s] Level 1:colcon.colcon_core.package_identification:_identify(.) by extensions ['colcon_pkg']
[0.180s] Level 1:colcon.colcon_core.package_identification:_identify(.) by extension 'colcon_pkg'
[0.180s] Level 1:colcon.colcon_core.package_identification:_identify(.) by extensions ['colcon_meta']
[0.180s] Level 1:colcon.colcon_core.package_identification:_identify(.) by extension 'colcon_meta'
[0.180s] Level 1:colcon.colcon_core.package_identification:_identify(.) by extensions ['ros']
[0.180s] Level 1:colcon.colcon_core.package_identification:_identify(.) by extension 'ros'
[0.216s] Level 1:colcon.colcon_core.package_identification:_identify(.) by extensions ['cmake', 'python']
[0.216s] Level 1:colcon.colcon_core.package_identification:_identify(.) by extension 'cmake'
[0.216s] Level 1:colcon.colcon_core.package_identification:_identify(.) by extension 'python'
[0.216s] Level 1:colcon.colcon_core.package_identification:_identify(.) by extensions ['python_setup_py']
[0.216s] Level 1:colcon.colcon_core.package_identification:_identify(.) by extension 'python_setup_py'
[0.216s] Level 1:colcon.colcon_core.package_identification:_identify(build) by extensions ['ignore', 'ignore_ament_install']
[0.216s] Level 1:colcon.colcon_core.package_identification:_identify(build) by extension 'ignore'
[0.216s] Level 1:colcon.colcon_core.package_identification:_identify(build) ignored
[0.216s] Level 1:colcon.colcon_core.package_identification:_identify(install) by extensions ['ignore', 'ignore_ament_install']
[0.216s] Level 1:colcon.colcon_core.package_identification:_identify(install) by extension 'ignore'
[0.216s] Level 1:colcon.colcon_core.package_identification:_identify(install) ignored
[0.216s] Level 1:colcon.colcon_core.package_identification:_identify(log) by extensions ['ignore', 'ignore_ament_install']
[0.216s] Level 1:colcon.colcon_core.package_identification:_identify(log) by extension 'ignore'
[0.217s] Level 1:colcon.colcon_core.package_identification:_identify(log) ignored
[0.217s] Level 1:colcon.colcon_core.package_identification:_identify(src) by extensions ['ignore', 'ignore_ament_install']
[0.217s] Level 1:colcon.colcon_core.package_identification:_identify(src) by extension 'ignore'
[0.217s] Level 1:colcon.colcon_core.package_identification:_identify(src) by extension 'ignore_ament_install'
[0.217s] Level 1:colcon.colcon_core.package_identification:_identify(src) by extensions ['colcon_pkg']
[0.217s] Level 1:colcon.colcon_core.package_identification:_identify(src) by extension 'colcon_pkg'
[0.217s] Level 1:colcon.colcon_core.package_identification:_identify(src) by extensions ['colcon_meta']
[0.217s] Level 1:colcon.colcon_core.package_identification:_identify(src) by extension 'colcon_meta'
[0.217s] Level 1:colcon.colcon_core.package_identification:_identify(src) by extensions ['ros']
[0.217s] Level 1:colcon.colcon_core.package_identification:_identify(src) by extension 'ros'
[0.217s] Level 1:colcon.colcon_core.package_identification:_identify(src) by extensions ['cmake', 'python']
[0.217s] Level 1:colcon.colcon_core.package_identification:_identify(src) by extension 'cmake'
[0.217s] Level 1:colcon.colcon_core.package_identification:_identify(src) by extension 'python'
[0.217s] Level 1:colcon.colcon_core.package_identification:_identify(src) by extensions ['python_setup_py']
[0.217s] Level 1:colcon.colcon_core.package_identification:_identify(src) by extension 'python_setup_py'
[0.217s] Level 1:colcon.colcon_core.package_identification:_identify(src/micro_ros_setup) by extensions ['ignore', 'ignore_ament_install']
[0.217s] Level 1:colcon.colcon_core.package_identification:_identify(src/micro_ros_setup) by extension 'ignore'
[0.217s] Level 1:colcon.colcon_core.package_identification:_identify(src/micro_ros_setup) by extension 'ignore_ament_install'
[0.217s] Level 1:colcon.colcon_core.package_identification:_identify(src/micro_ros_setup) by extensions ['colcon_pkg']
[0.217s] Level 1:colcon.colcon_core.package_identification:_identify(src/micro_ros_setup) by extension 'colcon_pkg'
[0.217s] Level 1:colcon.colcon_core.package_identification:_identify(src/micro_ros_setup) by extensions ['colcon_meta']
[0.217s] Level 1:colcon.colcon_core.package_identification:_identify(src/micro_ros_setup) by extension 'colcon_meta'
[0.217s] Level 1:colcon.colcon_core.package_identification:_identify(src/micro_ros_setup) by extensions ['ros']
[0.217s] Level 1:colcon.colcon_core.package_identification:_identify(src/micro_ros_setup) by extension 'ros'
[0.224s] DEBUG:colcon.colcon_core.package_identification:Package 'src/micro_ros_setup' with type 'ros.ament_cmake' and name 'micro_ros_setup'
[0.224s] Level 1:colcon.colcon_core.package_identification:_identify(src/uros) by extensions ['ignore', 'ignore_ament_install']
[0.224s] Level 1:colcon.colcon_core.package_identification:_identify(src/uros) by extension 'ignore'
[0.224s] Level 1:colcon.colcon_core.package_identification:_identify(src/uros) by extension 'ignore_ament_install'
[0.224s] Level 1:colcon.colcon_core.package_identification:_identify(src/uros) by extensions ['colcon_pkg']
[0.224s] Level 1:colcon.colcon_core.package_identification:_identify(src/uros) by extension 'colcon_pkg'
[0.224s] Level 1:colcon.colcon_core.package_identification:_identify(src/uros) by extensions ['colcon_meta']
[0.224s] Level 1:colcon.colcon_core.package_identification:_identify(src/uros) by extension 'colcon_meta'
[0.224s] Level 1:colcon.colcon_core.package_identification:_identify(src/uros) by extensions ['ros']
[0.224s] Level 1:colcon.colcon_core.package_identification:_identify(src/uros) by extension 'ros'
[0.225s] Level 1:colcon.colcon_core.package_identification:_identify(src/uros) by extensions ['cmake', 'python']
[0.225s] Level 1:colcon.colcon_core.package_identification:_identify(src/uros) by extension 'cmake'
[0.225s] Level 1:colcon.colcon_core.package_identification:_identify(src/uros) by extension 'python'
[0.225s] Level 1:colcon.colcon_core.package_identification:_identify(src/uros) by extensions ['python_setup_py']
[0.225s] Level 1:colcon.colcon_core.package_identification:_identify(src/uros) by extension 'python_setup_py'
[0.225s] Level 1:colcon.colcon_core.package_identification:_identify(src/uros/drive_base) by extensions ['ignore', 'ignore_ament_install']
[0.225s] Level 1:colcon.colcon_core.package_identification:_identify(src/uros/drive_base) by extension 'ignore'
[0.225s] Level 1:colcon.colcon_core.package_identification:_identify(src/uros/drive_base) by extension 'ignore_ament_install'
[0.225s] Level 1:colcon.colcon_core.package_identification:_identify(src/uros/drive_base) by extensions ['colcon_pkg']
[0.225s] Level 1:colcon.colcon_core.package_identification:_identify(src/uros/drive_base) by extension 'colcon_pkg'
[0.225s] Level 1:colcon.colcon_core.package_identification:_identify(src/uros/drive_base) by extensions ['colcon_meta']
[0.225s] Level 1:colcon.colcon_core.package_identification:_identify(src/uros/drive_base) by extension 'colcon_meta'
[0.225s] Level 1:colcon.colcon_core.package_identification:_identify(src/uros/drive_base) by extensions ['ros']
[0.225s] Level 1:colcon.colcon_core.package_identification:_identify(src/uros/drive_base) by extension 'ros'
[0.225s] Level 1:colcon.colcon_core.package_identification:_identify(src/uros/drive_base) by extensions ['cmake', 'python']
[0.225s] Level 1:colcon.colcon_core.package_identification:_identify(src/uros/drive_base) by extension 'cmake'
[0.225s] Level 1:colcon.colcon_core.package_identification:_identify(src/uros/drive_base) by extension 'python'
[0.225s] Level 1:colcon.colcon_core.package_identification:_identify(src/uros/drive_base) by extensions ['python_setup_py']
[0.225s] Level 1:colcon.colcon_core.package_identification:_identify(src/uros/drive_base) by extension 'python_setup_py'
[0.225s] Level 1:colcon.colcon_core.package_identification:_identify(src/uros/drive_base/drive_base_msgs) by extensions ['ignore', 'ignore_ament_install']
[0.225s] Level 1:colcon.colcon_core.package_identification:_identify(src/uros/drive_base/drive_base_msgs) by extension 'ignore'
[0.225s] Level 1:colcon.colcon_core.package_identification:_identify(src/uros/drive_base/drive_base_msgs) by extension 'ignore_ament_install'
[0.225s] Level 1:colcon.colcon_core.package_identification:_identify(src/uros/drive_base/drive_base_msgs) by extensions ['colcon_pkg']
[0.225s] Level 1:colcon.colcon_core.package_identification:_identify(src/uros/drive_base/drive_base_msgs) by extension 'colcon_pkg'
[0.225s] Level 1:colcon.colcon_core.package_identification:_identify(src/uros/drive_base/drive_base_msgs) by extensions ['colcon_meta']
[0.225s] Level 1:colcon.colcon_core.package_identification:_identify(src/uros/drive_base/drive_base_msgs) by extension 'colcon_meta'
[0.225s] Level 1:colcon.colcon_core.package_identification:_identify(src/uros/drive_base/drive_base_msgs) by extensions ['ros']
[0.225s] Level 1:colcon.colcon_core.package_identification:_identify(src/uros/drive_base/drive_base_msgs) by extension 'ros'
[0.226s] DEBUG:colcon.colcon_core.package_identification:Package 'src/uros/drive_base/drive_base_msgs' with type 'ros.ament_cmake' and name 'drive_base_msgs'
[0.226s] Level 1:colcon.colcon_core.package_identification:_identify(src/uros/micro-ROS-Agent) by extensions ['ignore', 'ignore_ament_install']
[0.226s] Level 1:colcon.colcon_core.package_identification:_identify(src/uros/micro-ROS-Agent) by extension 'ignore'
[0.226s] Level 1:colcon.colcon_core.package_identification:_identify(src/uros/micro-ROS-Agent) by extension 'ignore_ament_install'
[0.226s] Level 1:colcon.colcon_core.package_identification:_identify(src/uros/micro-ROS-Agent) by extensions ['colcon_pkg']
[0.226s] Level 1:colcon.colcon_core.package_identification:_identify(src/uros/micro-ROS-Agent) by extension 'colcon_pkg'
[0.226s] Level 1:colcon.colcon_core.package_identification:_identify(src/uros/micro-ROS-Agent) by extensions ['colcon_meta']
[0.226s] Level 1:colcon.colcon_core.package_identification:_identify(src/uros/micro-ROS-Agent) by extension 'colcon_meta'
[0.226s] Level 1:colcon.colcon_core.package_identification:_identify(src/uros/micro-ROS-Agent) by extensions ['ros']
[0.226s] Level 1:colcon.colcon_core.package_identification:_identify(src/uros/micro-ROS-Agent) by extension 'ros'
[0.226s] Level 1:colcon.colcon_core.package_identification:_identify(src/uros/micro-ROS-Agent) by extensions ['cmake', 'python']
[0.226s] Level 1:colcon.colcon_core.package_identification:_identify(src/uros/micro-ROS-Agent) by extension 'cmake'
[0.226s] Level 1:colcon.colcon_core.package_identification:_identify(src/uros/micro-ROS-Agent) by extension 'python'
[0.226s] Level 1:colcon.colcon_core.package_identification:_identify(src/uros/micro-ROS-Agent) by extensions ['python_setup_py']
[0.226s] Level 1:colcon.colcon_core.package_identification:_identify(src/uros/micro-ROS-Agent) by extension 'python_setup_py'
[0.226s] Level 1:colcon.colcon_core.package_identification:_identify(src/uros/micro-ROS-Agent/micro_ros_agent) by extensions ['ignore', 'ignore_ament_install']
[0.227s] Level 1:colcon.colcon_core.package_identification:_identify(src/uros/micro-ROS-Agent/micro_ros_agent) by extension 'ignore'
[0.227s] Level 1:colcon.colcon_core.package_identification:_identify(src/uros/micro-ROS-Agent/micro_ros_agent) by extension 'ignore_ament_install'
[0.227s] Level 1:colcon.colcon_core.package_identification:_identify(src/uros/micro-ROS-Agent/micro_ros_agent) by extensions ['colcon_pkg']
[0.227s] Level 1:colcon.colcon_core.package_identification:_identify(src/uros/micro-ROS-Agent/micro_ros_agent) by extension 'colcon_pkg'
[0.227s] Level 1:colcon.colcon_core.package_identification:_identify(src/uros/micro-ROS-Agent/micro_ros_agent) by extensions ['colcon_meta']
[0.227s] Level 1:colcon.colcon_core.package_identification:_identify(src/uros/micro-ROS-Agent/micro_ros_agent) by extension 'colcon_meta'
[0.227s] Level 1:colcon.colcon_core.package_identification:_identify(src/uros/micro-ROS-Agent/micro_ros_agent) by extensions ['ros']
[0.227s] Level 1:colcon.colcon_core.package_identification:_identify(src/uros/micro-ROS-Agent/micro_ros_agent) by extension 'ros'
[0.228s] DEBUG:colcon.colcon_core.package_identification:Package 'src/uros/micro-ROS-Agent/micro_ros_agent' with type 'ros.ament_cmake' and name 'micro_ros_agent'
[0.228s] Level 1:colcon.colcon_core.package_identification:_identify(src/uros/micro-ROS-Agent/snap) by extensions ['ignore', 'ignore_ament_install']
[0.228s] Level 1:colcon.colcon_core.package_identification:_identify(src/uros/micro-ROS-Agent/snap) by extension 'ignore'
[0.228s] Level 1:colcon.colcon_core.package_identification:_identify(src/uros/micro-ROS-Agent/snap) by extension 'ignore_ament_install'
[0.228s] Level 1:colcon.colcon_core.package_identification:_identify(src/uros/micro-ROS-Agent/snap) by extensions ['colcon_pkg']
[0.228s] Level 1:colcon.colcon_core.package_identification:_identify(src/uros/micro-ROS-Agent/snap) by extension 'colcon_pkg'
[0.228s] Level 1:colcon.colcon_core.package_identification:_identify(src/uros/micro-ROS-Agent/snap) by extensions ['colcon_meta']
[0.228s] Level 1:colcon.colcon_core.package_identification:_identify(src/uros/micro-ROS-Agent/snap) by extension 'colcon_meta'
[0.228s] Level 1:colcon.colcon_core.package_identification:_identify(src/uros/micro-ROS-Agent/snap) by extensions ['ros']
[0.228s] Level 1:colcon.colcon_core.package_identification:_identify(src/uros/micro-ROS-Agent/snap) by extension 'ros'
[0.228s] Level 1:colcon.colcon_core.package_identification:_identify(src/uros/micro-ROS-Agent/snap) by extensions ['cmake', 'python']
[0.228s] Level 1:colcon.colcon_core.package_identification:_identify(src/uros/micro-ROS-Agent/snap) by extension 'cmake'
[0.228s] Level 1:colcon.colcon_core.package_identification:_identify(src/uros/micro-ROS-Agent/snap) by extension 'python'
[0.229s] Level 1:colcon.colcon_core.package_identification:_identify(src/uros/micro-ROS-Agent/snap) by extensions ['python_setup_py']
[0.229s] Level 1:colcon.colcon_core.package_identification:_identify(src/uros/micro-ROS-Agent/snap) by extension 'python_setup_py'
[0.229s] Level 1:colcon.colcon_core.package_identification:_identify(src/uros/micro-ROS-Agent/snap/hooks) by extensions ['ignore', 'ignore_ament_install']
[0.229s] Level 1:colcon.colcon_core.package_identification:_identify(src/uros/micro-ROS-Agent/snap/hooks) by extension 'ignore'
[0.229s] Level 1:colcon.colcon_core.package_identification:_identify(src/uros/micro-ROS-Agent/snap/hooks) by extension 'ignore_ament_install'
[0.229s] Level 1:colcon.colcon_core.package_identification:_identify(src/uros/micro-ROS-Agent/snap/hooks) by extensions ['colcon_pkg']
[0.229s] Level 1:colcon.colcon_core.package_identification:_identify(src/uros/micro-ROS-Agent/snap/hooks) by extension 'colcon_pkg'
[0.229s] Level 1:colcon.colcon_core.package_identification:_identify(src/uros/micro-ROS-Agent/snap/hooks) by extensions ['colcon_meta']
[0.229s] Level 1:colcon.colcon_core.package_identification:_identify(src/uros/micro-ROS-Agent/snap/hooks) by extension 'colcon_meta'
[0.229s] Level 1:colcon.colcon_core.package_identification:_identify(src/uros/micro-ROS-Agent/snap/hooks) by extensions ['ros']
[0.229s] Level 1:colcon.colcon_core.package_identification:_identify(src/uros/micro-ROS-Agent/snap/hooks) by extension 'ros'
[0.229s] Level 1:colcon.colcon_core.package_identification:_identify(src/uros/micro-ROS-Agent/snap/hooks) by extensions ['cmake', 'python']
[0.229s] Level 1:colcon.colcon_core.package_identification:_identify(src/uros/micro-ROS-Agent/snap/hooks) by extension 'cmake'
[0.229s] Level 1:colcon.colcon_core.package_identification:_identify(src/uros/micro-ROS-Agent/snap/hooks) by extension 'python'
[0.229s] Level 1:colcon.colcon_core.package_identification:_identify(src/uros/micro-ROS-Agent/snap/hooks) by extensions ['python_setup_py']
[0.229s] Level 1:colcon.colcon_core.package_identification:_identify(src/uros/micro-ROS-Agent/snap/hooks) by extension 'python_setup_py'
[0.229s] Level 1:colcon.colcon_core.package_identification:_identify(src/uros/micro-ROS-Agent/snap/local) by extensions ['ignore', 'ignore_ament_install']
[0.230s] Level 1:colcon.colcon_core.package_identification:_identify(src/uros/micro-ROS-Agent/snap/local) by extension 'ignore'
[0.230s] Level 1:colcon.colcon_core.package_identification:_identify(src/uros/micro-ROS-Agent/snap/local) by extension 'ignore_ament_install'
[0.230s] Level 1:colcon.colcon_core.package_identification:_identify(src/uros/micro-ROS-Agent/snap/local) by extensions ['colcon_pkg']
[0.230s] Level 1:colcon.colcon_core.package_identification:_identify(src/uros/micro-ROS-Agent/snap/local) by extension 'colcon_pkg'
[0.230s] Level 1:colcon.colcon_core.package_identification:_identify(src/uros/micro-ROS-Agent/snap/local) by extensions ['colcon_meta']
[0.230s] Level 1:colcon.colcon_core.package_identification:_identify(src/uros/micro-ROS-Agent/snap/local) by extension 'colcon_meta'
[0.230s] Level 1:colcon.colcon_core.package_identification:_identify(src/uros/micro-ROS-Agent/snap/local) by extensions ['ros']
[0.230s] Level 1:colcon.colcon_core.package_identification:_identify(src/uros/micro-ROS-Agent/snap/local) by extension 'ros'
[0.230s] Level 1:colcon.colcon_core.package_identification:_identify(src/uros/micro-ROS-Agent/snap/local) by extensions ['cmake', 'python']
[0.230s] Level 1:colcon.colcon_core.package_identification:_identify(src/uros/micro-ROS-Agent/snap/local) by extension 'cmake'
[0.230s] Level 1:colcon.colcon_core.package_identification:_identify(src/uros/micro-ROS-Agent/snap/local) by extension 'python'
[0.230s] Level 1:colcon.colcon_core.package_identification:_identify(src/uros/micro-ROS-Agent/snap/local) by extensions ['python_setup_py']
[0.230s] Level 1:colcon.colcon_core.package_identification:_identify(src/uros/micro-ROS-Agent/snap/local) by extension 'python_setup_py'
[0.230s] Level 1:colcon.colcon_core.package_identification:_identify(src/uros/micro_ros_msgs) by extensions ['ignore', 'ignore_ament_install']
[0.230s] Level 1:colcon.colcon_core.package_identification:_identify(src/uros/micro_ros_msgs) by extension 'ignore'
[0.230s] Level 1:colcon.colcon_core.package_identification:_identify(src/uros/micro_ros_msgs) by extension 'ignore_ament_install'
[0.230s] Level 1:colcon.colcon_core.package_identification:_identify(src/uros/micro_ros_msgs) by extensions ['colcon_pkg']
[0.230s] Level 1:colcon.colcon_core.package_identification:_identify(src/uros/micro_ros_msgs) by extension 'colcon_pkg'
[0.230s] Level 1:colcon.colcon_core.package_identification:_identify(src/uros/micro_ros_msgs) by extensions ['colcon_meta']
[0.230s] Level 1:colcon.colcon_core.package_identification:_identify(src/uros/micro_ros_msgs) by extension 'colcon_meta'
[0.230s] Level 1:colcon.colcon_core.package_identification:_identify(src/uros/micro_ros_msgs) by extensions ['ros']
[0.231s] Level 1:colcon.colcon_core.package_identification:_identify(src/uros/micro_ros_msgs) by extension 'ros'
[0.231s] DEBUG:colcon.colcon_core.package_identification:Package 'src/uros/micro_ros_msgs' with type 'ros.ament_cmake' and name 'micro_ros_msgs'
[0.231s] Level 1:colcon.colcon_core.package_discovery:discover_packages(recursive) using defaults
[0.231s] Level 1:colcon.colcon_core.package_discovery:discover_packages(ignore) discover
[0.231s] Level 1:colcon.colcon_core.package_discovery:discover_packages(ignore) using defaults
[0.231s] Level 1:colcon.colcon_core.package_discovery:discover_packages(path) discover
[0.231s] Level 1:colcon.colcon_core.package_discovery:discover_packages(path) using defaults
[0.255s] Level 1:colcon.colcon_core.package_discovery:discover_packages(prefix_path) check parameters
[0.255s] Level 1:colcon.colcon_core.package_discovery:discover_packages(prefix_path) discover
[0.259s] DEBUG:colcon.colcon_installed_package_information.package_discovery:Found 546 installed packages in /opt/ros/jazzy
[0.260s] Level 1:colcon.colcon_core.package_discovery:discover_packages(prefix_path) using defaults
[0.310s] Level 5:colcon.colcon_core.verb:set package 'drive_base_msgs' build argument 'cmake_args' from command line to 'None'
[0.310s] Level 5:colcon.colcon_core.verb:set package 'drive_base_msgs' build argument 'cmake_target' from command line to 'None'
[0.310s] Level 5:colcon.colcon_core.verb:set package 'drive_base_msgs' build argument 'cmake_target_skip_unavailable' from command line to 'False'
[0.310s] Level 5:colcon.colcon_core.verb:set package 'drive_base_msgs' build argument 'cmake_clean_cache' from command line to 'False'
[0.310s] Level 5:colcon.colcon_core.verb:set package 'drive_base_msgs' build argument 'cmake_clean_first' from command line to 'False'
[0.310s] Level 5:colcon.colcon_core.verb:set package 'drive_base_msgs' build argument 'cmake_force_configure' from command line to 'False'
[0.310s] Level 5:colcon.colcon_core.verb:set package 'drive_base_msgs' build argument 'ament_cmake_args' from command line to 'None'
[0.310s] Level 5:colcon.colcon_core.verb:set package 'drive_base_msgs' build argument 'catkin_cmake_args' from command line to 'None'
[0.310s] Level 5:colcon.colcon_core.verb:set package 'drive_base_msgs' build argument 'catkin_skip_building_tests' from command line to 'False'
[0.310s] DEBUG:colcon.colcon_core.verb:Building package 'drive_base_msgs' with the following arguments: {'ament_cmake_args': None, 'build_base': '/home/laura/scara_ws/microros_ws/build/drive_base_msgs', 'catkin_cmake_args': None, 'catkin_skip_building_tests': False, 'cmake_args': None, 'cmake_clean_cache': False, 'cmake_clean_first': False, 'cmake_force_configure': False, 'cmake_target': None, 'cmake_target_skip_unavailable': False, 'install_base': '/home/laura/scara_ws/microros_ws/install/drive_base_msgs', 'merge_install': False, 'path': '/home/laura/scara_ws/microros_ws/src/uros/drive_base/drive_base_msgs', 'symlink_install': False, 'test_result_base': None}
[0.310s] Level 5:colcon.colcon_core.verb:set package 'micro_ros_msgs' build argument 'cmake_args' from command line to 'None'
[0.310s] Level 5:colcon.colcon_core.verb:set package 'micro_ros_msgs' build argument 'cmake_target' from command line to 'None'
[0.310s] Level 5:colcon.colcon_core.verb:set package 'micro_ros_msgs' build argument 'cmake_target_skip_unavailable' from command line to 'False'
[0.310s] Level 5:colcon.colcon_core.verb:set package 'micro_ros_msgs' build argument 'cmake_clean_cache' from command line to 'False'
[0.310s] Level 5:colcon.colcon_core.verb:set package 'micro_ros_msgs' build argument 'cmake_clean_first' from command line to 'False'
[0.310s] Level 5:colcon.colcon_core.verb:set package 'micro_ros_msgs' build argument 'cmake_force_configure' from command line to 'False'
[0.310s] Level 5:colcon.colcon_core.verb:set package 'micro_ros_msgs' build argument 'ament_cmake_args' from command line to 'None'
[0.310s] Level 5:colcon.colcon_core.verb:set package 'micro_ros_msgs' build argument 'catkin_cmake_args' from command line to 'None'
[0.310s] Level 5:colcon.colcon_core.verb:set package 'micro_ros_msgs' build argument 'catkin_skip_building_tests' from command line to 'False'
[0.310s] DEBUG:colcon.colcon_core.verb:Building package 'micro_ros_msgs' with the following arguments: {'ament_cmake_args': None, 'build_base': '/home/laura/scara_ws/microros_ws/build/micro_ros_msgs', 'catkin_cmake_args': None, 'catkin_skip_building_tests': False, 'cmake_args': None, 'cmake_clean_cache': False, 'cmake_clean_first': False, 'cmake_force_configure': False, 'cmake_target': None, 'cmake_target_skip_unavailable': False, 'install_base': '/home/laura/scara_ws/microros_ws/install/micro_ros_msgs', 'merge_install': False, 'path': '/home/laura/scara_ws/microros_ws/src/uros/micro_ros_msgs', 'symlink_install': False, 'test_result_base': None}
[0.310s] Level 5:colcon.colcon_core.verb:set package 'micro_ros_setup' build argument 'cmake_args' from command line to 'None'
[0.310s] Level 5:colcon.colcon_core.verb:set package 'micro_ros_setup' build argument 'cmake_target' from command line to 'None'
[0.310s] Level 5:colcon.colcon_core.verb:set package 'micro_ros_setup' build argument 'cmake_target_skip_unavailable' from command line to 'False'
[0.311s] Level 5:colcon.colcon_core.verb:set package 'micro_ros_setup' build argument 'cmake_clean_cache' from command line to 'False'
[0.311s] Level 5:colcon.colcon_core.verb:set package 'micro_ros_setup' build argument 'cmake_clean_first' from command line to 'False'
[0.311s] Level 5:colcon.colcon_core.verb:set package 'micro_ros_setup' build argument 'cmake_force_configure' from command line to 'False'
[0.311s] Level 5:colcon.colcon_core.verb:set package 'micro_ros_setup' build argument 'ament_cmake_args' from command line to 'None'
[0.311s] Level 5:colcon.colcon_core.verb:set package 'micro_ros_setup' build argument 'catkin_cmake_args' from command line to 'None'
[0.311s] Level 5:colcon.colcon_core.verb:set package 'micro_ros_setup' build argument 'catkin_skip_building_tests' from command line to 'False'
[0.311s] DEBUG:colcon.colcon_core.verb:Building package 'micro_ros_setup' with the following arguments: {'ament_cmake_args': None, 'build_base': '/home/laura/scara_ws/microros_ws/build/micro_ros_setup', 'catkin_cmake_args': None, 'catkin_skip_building_tests': False, 'cmake_args': None, 'cmake_clean_cache': False, 'cmake_clean_first': False, 'cmake_force_configure': False, 'cmake_target': None, 'cmake_target_skip_unavailable': False, 'install_base': '/home/laura/scara_ws/microros_ws/install/micro_ros_setup', 'merge_install': False, 'path': '/home/laura/scara_ws/microros_ws/src/micro_ros_setup', 'symlink_install': False, 'test_result_base': None}
[0.311s] Level 5:colcon.colcon_core.verb:set package 'micro_ros_agent' build argument 'cmake_args' from command line to 'None'
[0.311s] Level 5:colcon.colcon_core.verb:set package 'micro_ros_agent' build argument 'cmake_target' from command line to 'None'
[0.311s] Level 5:colcon.colcon_core.verb:set package 'micro_ros_agent' build argument 'cmake_target_skip_unavailable' from command line to 'False'
[0.311s] Level 5:colcon.colcon_core.verb:set package 'micro_ros_agent' build argument 'cmake_clean_cache' from command line to 'False'
[0.311s] Level 5:colcon.colcon_core.verb:set package 'micro_ros_agent' build argument 'cmake_clean_first' from command line to 'False'
[0.311s] Level 5:colcon.colcon_core.verb:set package 'micro_ros_agent' build argument 'cmake_force_configure' from command line to 'False'
[0.311s] Level 5:colcon.colcon_core.verb:set package 'micro_ros_agent' build argument 'ament_cmake_args' from command line to 'None'
[0.311s] Level 5:colcon.colcon_core.verb:set package 'micro_ros_agent' build argument 'catkin_cmake_args' from command line to 'None'
[0.311s] Level 5:colcon.colcon_core.verb:set package 'micro_ros_agent' build argument 'catkin_skip_building_tests' from command line to 'False'
[0.311s] DEBUG:colcon.colcon_core.verb:Building package 'micro_ros_agent' with the following arguments: {'ament_cmake_args': None, 'build_base': '/home/laura/scara_ws/microros_ws/build/micro_ros_agent', 'catkin_cmake_args': None, 'catkin_skip_building_tests': False, 'cmake_args': None, 'cmake_clean_cache': False, 'cmake_clean_first': False, 'cmake_force_configure': False, 'cmake_target': None, 'cmake_target_skip_unavailable': False, 'install_base': '/home/laura/scara_ws/microros_ws/install/micro_ros_agent', 'merge_install': False, 'path': '/home/laura/scara_ws/microros_ws/src/uros/micro-ROS-Agent/micro_ros_agent', 'symlink_install': False, 'test_result_base': None}
[0.311s] INFO:colcon.colcon_core.executor:Executing jobs using 'parallel' executor
[0.312s] DEBUG:colcon.colcon_parallel_executor.executor.parallel:run_until_complete
[0.312s] INFO:colcon.colcon_ros.task.ament_cmake.build:Building ROS package in '/home/laura/scara_ws/microros_ws/src/uros/micro_ros_msgs' with build type 'ament_cmake'
[0.312s] INFO:colcon.colcon_cmake.task.cmake.build:Building CMake package in '/home/laura/scara_ws/microros_ws/src/uros/micro_ros_msgs'
[0.317s] INFO:colcon.colcon_core.plugin_system:Skipping extension 'colcon_core.shell.bat': Not used on non-Windows systems
[0.317s] INFO:colcon.colcon_core.shell:Skip shell extension 'powershell' for command environment: Not usable outside of PowerShell
[0.317s] DEBUG:colcon.colcon_core.shell:Skip shell extension 'dsv' for command environment
[0.320s] INFO:colcon.colcon_ros.task.ament_cmake.build:Building ROS package in '/home/laura/scara_ws/microros_ws/src/uros/drive_base/drive_base_msgs' with build type 'ament_cmake'
[0.320s] INFO:colcon.colcon_cmake.task.cmake.build:Building CMake package in '/home/laura/scara_ws/microros_ws/src/uros/drive_base/drive_base_msgs'
[0.320s] INFO:colcon.colcon_core.shell:Skip shell extension 'powershell' for command environment: Not usable outside of PowerShell
[0.320s] DEBUG:colcon.colcon_core.shell:Skip shell extension 'dsv' for command environment
[0.323s] INFO:colcon.colcon_ros.task.ament_cmake.build:Building ROS package in '/home/laura/scara_ws/microros_ws/src/micro_ros_setup' with build type 'ament_cmake'
[0.323s] INFO:colcon.colcon_cmake.task.cmake.build:Building CMake package in '/home/laura/scara_ws/microros_ws/src/micro_ros_setup'
[0.323s] INFO:colcon.colcon_core.shell:Skip shell extension 'powershell' for command environment: Not usable outside of PowerShell
[0.323s] DEBUG:colcon.colcon_core.shell:Skip shell extension 'dsv' for command environment
[0.328s] DEBUG:colcon.colcon_core.event_handler.log_command:Invoking command in '/home/laura/scara_ws/microros_ws/build/micro_ros_msgs': CMAKE_PREFIX_PATH=${CMAKE_PREFIX_PATH}:/opt/ros/jazzy DEBUGINFOD_URLS=https://debuginfod.ubuntu.com /usr/bin/cmake /home/laura/scara_ws/microros_ws/src/uros/micro_ros_msgs -DCMAKE_INSTALL_PREFIX=/home/laura/scara_ws/microros_ws/install/micro_ros_msgs
[0.328s] DEBUG:colcon.colcon_core.event_handler.log_command:Invoking command in '/home/laura/scara_ws/microros_ws/build/drive_base_msgs': CMAKE_PREFIX_PATH=${CMAKE_PREFIX_PATH}:/opt/ros/jazzy DEBUGINFOD_URLS=https://debuginfod.ubuntu.com /usr/bin/cmake /home/laura/scara_ws/microros_ws/src/uros/drive_base/drive_base_msgs -DCMAKE_INSTALL_PREFIX=/home/laura/scara_ws/microros_ws/install/drive_base_msgs
[0.331s] DEBUG:colcon.colcon_core.event_handler.log_command:Invoking command in '/home/laura/scara_ws/microros_ws/build/micro_ros_setup': CMAKE_PREFIX_PATH=${CMAKE_PREFIX_PATH}:/opt/ros/jazzy DEBUGINFOD_URLS=https://debuginfod.ubuntu.com /usr/bin/cmake /home/laura/scara_ws/microros_ws/src/micro_ros_setup -DCMAKE_INSTALL_PREFIX=/home/laura/scara_ws/microros_ws/install/micro_ros_setup
[0.924s] DEBUG:colcon.colcon_core.event_handler.log_command:Invoked command in '/home/laura/scara_ws/microros_ws/build/micro_ros_setup' returned '0': CMAKE_PREFIX_PATH=${CMAKE_PREFIX_PATH}:/opt/ros/jazzy DEBUGINFOD_URLS=https://debuginfod.ubuntu.com /usr/bin/cmake /home/laura/scara_ws/microros_ws/src/micro_ros_setup -DCMAKE_INSTALL_PREFIX=/home/laura/scara_ws/microros_ws/install/micro_ros_setup
[0.925s] DEBUG:colcon.colcon_core.event_handler.log_command:Invoking command in '/home/laura/scara_ws/microros_ws/build/micro_ros_setup': CMAKE_PREFIX_PATH=${CMAKE_PREFIX_PATH}:/opt/ros/jazzy DEBUGINFOD_URLS=https://debuginfod.ubuntu.com /usr/bin/cmake --build /home/laura/scara_ws/microros_ws/build/micro_ros_setup -- -j16 -l16
[0.958s] DEBUG:colcon.colcon_core.event_handler.log_command:Invoked command in '/home/laura/scara_ws/microros_ws/build/micro_ros_setup' returned '0': CMAKE_PREFIX_PATH=${CMAKE_PREFIX_PATH}:/opt/ros/jazzy DEBUGINFOD_URLS=https://debuginfod.ubuntu.com /usr/bin/cmake --build /home/laura/scara_ws/microros_ws/build/micro_ros_setup -- -j16 -l16
[0.964s] DEBUG:colcon.colcon_core.event_handler.log_command:Invoking command in '/home/laura/scara_ws/microros_ws/build/micro_ros_setup': CMAKE_PREFIX_PATH=${CMAKE_PREFIX_PATH}:/opt/ros/jazzy DEBUGINFOD_URLS=https://debuginfod.ubuntu.com /usr/bin/cmake --install /home/laura/scara_ws/microros_ws/build/micro_ros_setup
[1.002s] Level 1:colcon.colcon_core.environment:create_environment_scripts_only(micro_ros_setup)
[1.002s] DEBUG:colcon.colcon_core.event_handler.log_command:Invoked command in '/home/laura/scara_ws/microros_ws/build/micro_ros_setup' returned '0': CMAKE_PREFIX_PATH=${CMAKE_PREFIX_PATH}:/opt/ros/jazzy DEBUGINFOD_URLS=https://debuginfod.ubuntu.com /usr/bin/cmake --install /home/laura/scara_ws/microros_ws/build/micro_ros_setup
[1.009s] Level 1:colcon.colcon_core.environment:checking '/home/laura/scara_ws/microros_ws/install/micro_ros_setup' for CMake module files
[1.009s] Level 1:colcon.colcon_core.environment:checking '/home/laura/scara_ws/microros_ws/install/micro_ros_setup' for CMake config files
[1.009s] Level 1:colcon.colcon_core.shell:create_environment_hook('micro_ros_setup', 'cmake_prefix_path')
[1.009s] INFO:colcon.colcon_core.shell:Creating environment hook '/home/laura/scara_ws/microros_ws/install/micro_ros_setup/share/micro_ros_setup/hook/cmake_prefix_path.ps1'
[1.010s] INFO:colcon.colcon_core.shell:Creating environment descriptor '/home/laura/scara_ws/microros_ws/install/micro_ros_setup/share/micro_ros_setup/hook/cmake_prefix_path.dsv'
[1.010s] INFO:colcon.colcon_core.shell:Creating environment hook '/home/laura/scara_ws/microros_ws/install/micro_ros_setup/share/micro_ros_setup/hook/cmake_prefix_path.sh'
[1.011s] Level 1:colcon.colcon_core.environment:checking '/home/laura/scara_ws/microros_ws/install/micro_ros_setup/lib'
[1.011s] Level 1:colcon.colcon_core.environment:checking '/home/laura/scara_ws/microros_ws/install/micro_ros_setup/bin'
[1.011s] Level 1:colcon.colcon_core.environment:checking '/home/laura/scara_ws/microros_ws/install/micro_ros_setup/lib/pkgconfig/micro_ros_setup.pc'
[1.011s] Level 1:colcon.colcon_core.environment:checking '/home/laura/scara_ws/microros_ws/install/micro_ros_setup/lib/python3.12/site-packages'
[1.012s] Level 1:colcon.colcon_core.environment:checking '/home/laura/scara_ws/microros_ws/install/micro_ros_setup/bin'
[1.012s] INFO:colcon.colcon_core.shell:Creating package script '/home/laura/scara_ws/microros_ws/install/micro_ros_setup/share/micro_ros_setup/package.ps1'
[1.013s] INFO:colcon.colcon_core.shell:Creating package descriptor '/home/laura/scara_ws/microros_ws/install/micro_ros_setup/share/micro_ros_setup/package.dsv'
[1.013s] INFO:colcon.colcon_core.shell:Creating package script '/home/laura/scara_ws/microros_ws/install/micro_ros_setup/share/micro_ros_setup/package.sh'
[1.014s] INFO:colcon.colcon_core.shell:Creating package script '/home/laura/scara_ws/microros_ws/install/micro_ros_setup/share/micro_ros_setup/package.bash'
[1.015s] INFO:colcon.colcon_core.shell:Creating package script '/home/laura/scara_ws/microros_ws/install/micro_ros_setup/share/micro_ros_setup/package.zsh'
[1.016s] Level 1:colcon.colcon_core.environment:create_file_with_runtime_dependencies(/home/laura/scara_ws/microros_ws/install/micro_ros_setup/share/colcon-core/packages/micro_ros_setup)
[1.016s] Level 1:colcon.colcon_core.environment:create_environment_scripts_only(micro_ros_setup)
[1.016s] Level 1:colcon.colcon_core.environment:checking '/home/laura/scara_ws/microros_ws/install/micro_ros_setup' for CMake module files
[1.016s] Level 1:colcon.colcon_core.environment:checking '/home/laura/scara_ws/microros_ws/install/micro_ros_setup' for CMake config files
[1.016s] Level 1:colcon.colcon_core.shell:create_environment_hook('micro_ros_setup', 'cmake_prefix_path')
[1.017s] INFO:colcon.colcon_core.shell:Creating environment hook '/home/laura/scara_ws/microros_ws/install/micro_ros_setup/share/micro_ros_setup/hook/cmake_prefix_path.ps1'
[1.017s] INFO:colcon.colcon_core.shell:Creating environment descriptor '/home/laura/scara_ws/microros_ws/install/micro_ros_setup/share/micro_ros_setup/hook/cmake_prefix_path.dsv'
[1.017s] INFO:colcon.colcon_core.shell:Creating environment hook '/home/laura/scara_ws/microros_ws/install/micro_ros_setup/share/micro_ros_setup/hook/cmake_prefix_path.sh'
[1.017s] Level 1:colcon.colcon_core.environment:checking '/home/laura/scara_ws/microros_ws/install/micro_ros_setup/lib'
[1.017s] Level 1:colcon.colcon_core.environment:checking '/home/laura/scara_ws/microros_ws/install/micro_ros_setup/bin'
[1.017s] Level 1:colcon.colcon_core.environment:checking '/home/laura/scara_ws/microros_ws/install/micro_ros_setup/lib/pkgconfig/micro_ros_setup.pc'
[1.018s] Level 1:colcon.colcon_core.environment:checking '/home/laura/scara_ws/microros_ws/install/micro_ros_setup/lib/python3.12/site-packages'
[1.018s] Level 1:colcon.colcon_core.environment:checking '/home/laura/scara_ws/microros_ws/install/micro_ros_setup/bin'
[1.018s] INFO:colcon.colcon_core.shell:Creating package script '/home/laura/scara_ws/microros_ws/install/micro_ros_setup/share/micro_ros_setup/package.ps1'
[1.018s] INFO:colcon.colcon_core.shell:Creating package descriptor '/home/laura/scara_ws/microros_ws/install/micro_ros_setup/share/micro_ros_setup/package.dsv'
[1.019s] INFO:colcon.colcon_core.shell:Creating package script '/home/laura/scara_ws/microros_ws/install/micro_ros_setup/share/micro_ros_setup/package.sh'
[1.019s] INFO:colcon.colcon_core.shell:Creating package script '/home/laura/scara_ws/microros_ws/install/micro_ros_setup/share/micro_ros_setup/package.bash'
[1.019s] INFO:colcon.colcon_core.shell:Creating package script '/home/laura/scara_ws/microros_ws/install/micro_ros_setup/share/micro_ros_setup/package.zsh'
[1.019s] Level 1:colcon.colcon_core.environment:create_file_with_runtime_dependencies(/home/laura/scara_ws/microros_ws/install/micro_ros_setup/share/colcon-core/packages/micro_ros_setup)
[2.922s] DEBUG:colcon.colcon_core.event_handler.log_command:Invoked command in '/home/laura/scara_ws/microros_ws/build/micro_ros_msgs' returned '0': CMAKE_PREFIX_PATH=${CMAKE_PREFIX_PATH}:/opt/ros/jazzy DEBUGINFOD_URLS=https://debuginfod.ubuntu.com /usr/bin/cmake /home/laura/scara_ws/microros_ws/src/uros/micro_ros_msgs -DCMAKE_INSTALL_PREFIX=/home/laura/scara_ws/microros_ws/install/micro_ros_msgs
[2.923s] DEBUG:colcon.colcon_core.event_handler.log_command:Invoking command in '/home/laura/scara_ws/microros_ws/build/micro_ros_msgs': CMAKE_PREFIX_PATH=${CMAKE_PREFIX_PATH}:/opt/ros/jazzy DEBUGINFOD_URLS=https://debuginfod.ubuntu.com /usr/bin/cmake --build /home/laura/scara_ws/microros_ws/build/micro_ros_msgs -- -j16 -l16
[2.928s] DEBUG:colcon.colcon_core.event_handler.log_command:Invoked command in '/home/laura/scara_ws/microros_ws/build/drive_base_msgs' returned '0': CMAKE_PREFIX_PATH=${CMAKE_PREFIX_PATH}:/opt/ros/jazzy DEBUGINFOD_URLS=https://debuginfod.ubuntu.com /usr/bin/cmake /home/laura/scara_ws/microros_ws/src/uros/drive_base/drive_base_msgs -DCMAKE_INSTALL_PREFIX=/home/laura/scara_ws/microros_ws/install/drive_base_msgs
[2.929s] DEBUG:colcon.colcon_core.event_handler.log_command:Invoking command in '/home/laura/scara_ws/microros_ws/build/drive_base_msgs': CMAKE_PREFIX_PATH=${CMAKE_PREFIX_PATH}:/opt/ros/jazzy DEBUGINFOD_URLS=https://debuginfod.ubuntu.com /usr/bin/cmake --build /home/laura/scara_ws/microros_ws/build/drive_base_msgs -- -j16 -l16
[5.589s] DEBUG:colcon.colcon_core.event_handler.log_command:Invoked command in '/home/laura/scara_ws/microros_ws/build/micro_ros_msgs' returned '0': CMAKE_PREFIX_PATH=${CMAKE_PREFIX_PATH}:/opt/ros/jazzy DEBUGINFOD_URLS=https://debuginfod.ubuntu.com /usr/bin/cmake --build /home/laura/scara_ws/microros_ws/build/micro_ros_msgs -- -j16 -l16
[5.590s] DEBUG:colcon.colcon_core.event_handler.log_command:Invoking command in '/home/laura/scara_ws/microros_ws/build/micro_ros_msgs': CMAKE_PREFIX_PATH=${CMAKE_PREFIX_PATH}:/opt/ros/jazzy DEBUGINFOD_URLS=https://debuginfod.ubuntu.com /usr/bin/cmake --install /home/laura/scara_ws/microros_ws/build/micro_ros_msgs
[5.641s] Level 1:colcon.colcon_core.environment:create_environment_scripts_only(micro_ros_msgs)
[5.642s] Level 1:colcon.colcon_core.environment:checking '/home/laura/scara_ws/microros_ws/install/micro_ros_msgs' for CMake module files
[5.642s] DEBUG:colcon.colcon_core.event_handler.log_command:Invoked command in '/home/laura/scara_ws/microros_ws/build/micro_ros_msgs' returned '0': CMAKE_PREFIX_PATH=${CMAKE_PREFIX_PATH}:/opt/ros/jazzy DEBUGINFOD_URLS=https://debuginfod.ubuntu.com /usr/bin/cmake --install /home/laura/scara_ws/microros_ws/build/micro_ros_msgs
[5.643s] Level 1:colcon.colcon_core.environment:checking '/home/laura/scara_ws/microros_ws/install/micro_ros_msgs' for CMake config files
[5.643s] Level 1:colcon.colcon_core.shell:create_environment_hook('micro_ros_msgs', 'cmake_prefix_path')
[5.643s] INFO:colcon.colcon_core.shell:Creating environment hook '/home/laura/scara_ws/microros_ws/install/micro_ros_msgs/share/micro_ros_msgs/hook/cmake_prefix_path.ps1'
[5.643s] INFO:colcon.colcon_core.shell:Creating environment descriptor '/home/laura/scara_ws/microros_ws/install/micro_ros_msgs/share/micro_ros_msgs/hook/cmake_prefix_path.dsv'
[5.644s] INFO:colcon.colcon_core.shell:Creating environment hook '/home/laura/scara_ws/microros_ws/install/micro_ros_msgs/share/micro_ros_msgs/hook/cmake_prefix_path.sh'
[5.644s] Level 1:colcon.colcon_core.environment:checking '/home/laura/scara_ws/microros_ws/install/micro_ros_msgs/lib'
[5.644s] Level 1:colcon.colcon_core.shell:create_environment_hook('micro_ros_msgs', 'ld_library_path_lib')
[5.644s] INFO:colcon.colcon_core.shell:Creating environment hook '/home/laura/scara_ws/microros_ws/install/micro_ros_msgs/share/micro_ros_msgs/hook/ld_library_path_lib.ps1'
[5.644s] INFO:colcon.colcon_core.shell:Creating environment descriptor '/home/laura/scara_ws/microros_ws/install/micro_ros_msgs/share/micro_ros_msgs/hook/ld_library_path_lib.dsv'
[5.645s] INFO:colcon.colcon_core.shell:Creating environment hook '/home/laura/scara_ws/microros_ws/install/micro_ros_msgs/share/micro_ros_msgs/hook/ld_library_path_lib.sh'
[5.645s] Level 1:colcon.colcon_core.environment:checking '/home/laura/scara_ws/microros_ws/install/micro_ros_msgs/bin'
[5.645s] Level 1:colcon.colcon_core.environment:checking '/home/laura/scara_ws/microros_ws/install/micro_ros_msgs/lib/pkgconfig/micro_ros_msgs.pc'
[5.645s] Level 1:colcon.colcon_core.environment:checking '/home/laura/scara_ws/microros_ws/install/micro_ros_msgs/lib/python3.12/site-packages'
[5.645s] Level 1:colcon.colcon_core.shell:create_environment_hook('micro_ros_msgs', 'pythonpath')
[5.645s] INFO:colcon.colcon_core.shell:Creating environment hook '/home/laura/scara_ws/microros_ws/install/micro_ros_msgs/share/micro_ros_msgs/hook/pythonpath.ps1'
[5.645s] INFO:colcon.colcon_core.shell:Creating environment descriptor '/home/laura/scara_ws/microros_ws/install/micro_ros_msgs/share/micro_ros_msgs/hook/pythonpath.dsv'
[5.645s] INFO:colcon.colcon_core.shell:Creating environment hook '/home/laura/scara_ws/microros_ws/install/micro_ros_msgs/share/micro_ros_msgs/hook/pythonpath.sh'
[5.646s] Level 1:colcon.colcon_core.environment:checking '/home/laura/scara_ws/microros_ws/install/micro_ros_msgs/bin'
[5.646s] INFO:colcon.colcon_core.shell:Creating package script '/home/laura/scara_ws/microros_ws/install/micro_ros_msgs/share/micro_ros_msgs/package.ps1'
[5.646s] INFO:colcon.colcon_core.shell:Creating package descriptor '/home/laura/scara_ws/microros_ws/install/micro_ros_msgs/share/micro_ros_msgs/package.dsv'
[5.647s] INFO:colcon.colcon_core.shell:Creating package script '/home/laura/scara_ws/microros_ws/install/micro_ros_msgs/share/micro_ros_msgs/package.sh'
[5.647s] INFO:colcon.colcon_core.shell:Creating package script '/home/laura/scara_ws/microros_ws/install/micro_ros_msgs/share/micro_ros_msgs/package.bash'
[5.647s] INFO:colcon.colcon_core.shell:Creating package script '/home/laura/scara_ws/microros_ws/install/micro_ros_msgs/share/micro_ros_msgs/package.zsh'
[5.647s] Level 1:colcon.colcon_core.environment:create_file_with_runtime_dependencies(/home/laura/scara_ws/microros_ws/install/micro_ros_msgs/share/colcon-core/packages/micro_ros_msgs)
[5.648s] Level 1:colcon.colcon_core.environment:create_environment_scripts_only(micro_ros_msgs)
[5.648s] Level 1:colcon.colcon_core.environment:checking '/home/laura/scara_ws/microros_ws/install/micro_ros_msgs' for CMake module files
[5.648s] Level 1:colcon.colcon_core.environment:checking '/home/laura/scara_ws/microros_ws/install/micro_ros_msgs' for CMake config files
[5.648s] Level 1:colcon.colcon_core.shell:create_environment_hook('micro_ros_msgs', 'cmake_prefix_path')
[5.648s] INFO:colcon.colcon_core.shell:Creating environment hook '/home/laura/scara_ws/microros_ws/install/micro_ros_msgs/share/micro_ros_msgs/hook/cmake_prefix_path.ps1'
[5.648s] INFO:colcon.colcon_core.shell:Creating environment descriptor '/home/laura/scara_ws/microros_ws/install/micro_ros_msgs/share/micro_ros_msgs/hook/cmake_prefix_path.dsv'
[5.649s] INFO:colcon.colcon_core.shell:Creating environment hook '/home/laura/scara_ws/microros_ws/install/micro_ros_msgs/share/micro_ros_msgs/hook/cmake_prefix_path.sh'
[5.649s] Level 1:colcon.colcon_core.environment:checking '/home/laura/scara_ws/microros_ws/install/micro_ros_msgs/lib'
[5.649s] Level 1:colcon.colcon_core.shell:create_environment_hook('micro_ros_msgs', 'ld_library_path_lib')
[5.649s] INFO:colcon.colcon_core.shell:Creating environment hook '/home/laura/scara_ws/microros_ws/install/micro_ros_msgs/share/micro_ros_msgs/hook/ld_library_path_lib.ps1'
[5.649s] INFO:colcon.colcon_core.shell:Creating environment descriptor '/home/laura/scara_ws/microros_ws/install/micro_ros_msgs/share/micro_ros_msgs/hook/ld_library_path_lib.dsv'
[5.650s] INFO:colcon.colcon_core.shell:Creating environment hook '/home/laura/scara_ws/microros_ws/install/micro_ros_msgs/share/micro_ros_msgs/hook/ld_library_path_lib.sh'
[5.650s] Level 1:colcon.colcon_core.environment:checking '/home/laura/scara_ws/microros_ws/install/micro_ros_msgs/bin'
[5.650s] Level 1:colcon.colcon_core.environment:checking '/home/laura/scara_ws/microros_ws/install/micro_ros_msgs/lib/pkgconfig/micro_ros_msgs.pc'
[5.650s] Level 1:colcon.colcon_core.environment:checking '/home/laura/scara_ws/microros_ws/install/micro_ros_msgs/lib/python3.12/site-packages'
[5.650s] Level 1:colcon.colcon_core.shell:create_environment_hook('micro_ros_msgs', 'pythonpath')
[5.650s] INFO:colcon.colcon_core.shell:Creating environment hook '/home/laura/scara_ws/microros_ws/install/micro_ros_msgs/share/micro_ros_msgs/hook/pythonpath.ps1'
[5.650s] INFO:colcon.colcon_core.shell:Creating environment descriptor '/home/laura/scara_ws/microros_ws/install/micro_ros_msgs/share/micro_ros_msgs/hook/pythonpath.dsv'
[5.650s] INFO:colcon.colcon_core.shell:Creating environment hook '/home/laura/scara_ws/microros_ws/install/micro_ros_msgs/share/micro_ros_msgs/hook/pythonpath.sh'
[5.651s] Level 1:colcon.colcon_core.environment:checking '/home/laura/scara_ws/microros_ws/install/micro_ros_msgs/bin'
[5.651s] INFO:colcon.colcon_core.shell:Creating package script '/home/laura/scara_ws/microros_ws/install/micro_ros_msgs/share/micro_ros_msgs/package.ps1'
[5.651s] INFO:colcon.colcon_core.shell:Creating package descriptor '/home/laura/scara_ws/microros_ws/install/micro_ros_msgs/share/micro_ros_msgs/package.dsv'
[5.652s] INFO:colcon.colcon_core.shell:Creating package script '/home/laura/scara_ws/microros_ws/install/micro_ros_msgs/share/micro_ros_msgs/package.sh'
[5.652s] INFO:colcon.colcon_core.shell:Creating package script '/home/laura/scara_ws/microros_ws/install/micro_ros_msgs/share/micro_ros_msgs/package.bash'
[5.652s] INFO:colcon.colcon_core.shell:Creating package script '/home/laura/scara_ws/microros_ws/install/micro_ros_msgs/share/micro_ros_msgs/package.zsh'
[5.652s] Level 1:colcon.colcon_core.environment:create_file_with_runtime_dependencies(/home/laura/scara_ws/microros_ws/install/micro_ros_msgs/share/colcon-core/packages/micro_ros_msgs)
[5.652s] INFO:colcon.colcon_ros.task.ament_cmake.build:Building ROS package in '/home/laura/scara_ws/microros_ws/src/uros/micro-ROS-Agent/micro_ros_agent' with build type 'ament_cmake'
[5.653s] INFO:colcon.colcon_cmake.task.cmake.build:Building CMake package in '/home/laura/scara_ws/microros_ws/src/uros/micro-ROS-Agent/micro_ros_agent'
[5.653s] INFO:colcon.colcon_core.shell:Skip shell extension 'powershell' for command environment: Not usable outside of PowerShell
[5.653s] DEBUG:colcon.colcon_core.shell:Skip shell extension 'dsv' for command environment
[5.660s] DEBUG:colcon.colcon_core.event_handler.log_command:Invoking command in '/home/laura/scara_ws/microros_ws/build/micro_ros_agent': AMENT_PREFIX_PATH=/home/laura/scara_ws/microros_ws/install/micro_ros_msgs:${AMENT_PREFIX_PATH} CMAKE_PREFIX_PATH=/home/laura/scara_ws/microros_ws/install/micro_ros_msgs:/opt/ros/jazzy/opt/gz_sim_vendor:/opt/ros/jazzy/opt/gz_sensors_vendor:/opt/ros/jazzy/opt/gz_physics_vendor:/opt/ros/jazzy/opt/sdformat_vendor:/opt/ros/jazzy/opt/gz_gui_vendor:/opt/ros/jazzy/opt/gz_transport_vendor:/opt/ros/jazzy/opt/gz_rendering_vendor:/opt/ros/jazzy/opt/gz_plugin_vendor:/opt/ros/jazzy/opt/gz_fuel_tools_vendor:/opt/ros/jazzy/opt/gz_msgs_vendor:/opt/ros/jazzy/opt/gz_common_vendor:/opt/ros/jazzy/opt/gz_math_vendor:/opt/ros/jazzy/opt/gz_utils_vendor:/opt/ros/jazzy/opt/gz_tools_vendor:/opt/ros/jazzy/opt/gz_ogre_next_vendor:/opt/ros/jazzy/opt/gz_dartsim_vendor:/opt/ros/jazzy/opt/gz_cmake_vendor:/opt/ros/jazzy DEBUGINFOD_URLS=https://debuginfod.ubuntu.com LD_LIBRARY_PATH=/home/laura/scara_ws/microros_ws/install/micro_ros_msgs/lib:${LD_LIBRARY_PATH} PYTHONPATH=/home/laura/scara_ws/microros_ws/install/micro_ros_msgs/lib/python3.12/site-packages:${PYTHONPATH} /usr/bin/cmake /home/laura/scara_ws/microros_ws/src/uros/micro-ROS-Agent/micro_ros_agent -DCMAKE_INSTALL_PREFIX=/home/laura/scara_ws/microros_ws/install/micro_ros_agent
[5.977s] DEBUG:colcon.colcon_core.event_handler.log_command:Invoked command in '/home/laura/scara_ws/microros_ws/build/micro_ros_agent' returned '0': AMENT_PREFIX_PATH=/home/laura/scara_ws/microros_ws/install/micro_ros_msgs:${AMENT_PREFIX_PATH} CMAKE_PREFIX_PATH=/home/laura/scara_ws/microros_ws/install/micro_ros_msgs:/opt/ros/jazzy/opt/gz_sim_vendor:/opt/ros/jazzy/opt/gz_sensors_vendor:/opt/ros/jazzy/opt/gz_physics_vendor:/opt/ros/jazzy/opt/sdformat_vendor:/opt/ros/jazzy/opt/gz_gui_vendor:/opt/ros/jazzy/opt/gz_transport_vendor:/opt/ros/jazzy/opt/gz_rendering_vendor:/opt/ros/jazzy/opt/gz_plugin_vendor:/opt/ros/jazzy/opt/gz_fuel_tools_vendor:/opt/ros/jazzy/opt/gz_msgs_vendor:/opt/ros/jazzy/opt/gz_common_vendor:/opt/ros/jazzy/opt/gz_math_vendor:/opt/ros/jazzy/opt/gz_utils_vendor:/opt/ros/jazzy/opt/gz_tools_vendor:/opt/ros/jazzy/opt/gz_ogre_next_vendor:/opt/ros/jazzy/opt/gz_dartsim_vendor:/opt/ros/jazzy/opt/gz_cmake_vendor:/opt/ros/jazzy DEBUGINFOD_URLS=https://debuginfod.ubuntu.com LD_LIBRARY_PATH=/home/laura/scara_ws/microros_ws/install/micro_ros_msgs/lib:${LD_LIBRARY_PATH} PYTHONPATH=/home/laura/scara_ws/microros_ws/install/micro_ros_msgs/lib/python3.12/site-packages:${PYTHONPATH} /usr/bin/cmake /home/laura/scara_ws/microros_ws/src/uros/micro-ROS-Agent/micro_ros_agent -DCMAKE_INSTALL_PREFIX=/home/laura/scara_ws/microros_ws/install/micro_ros_agent
[5.978s] DEBUG:colcon.colcon_core.event_handler.log_command:Invoking command in '/home/laura/scara_ws/microros_ws/build/micro_ros_agent': AMENT_PREFIX_PATH=/home/laura/scara_ws/microros_ws/install/micro_ros_msgs:${AMENT_PREFIX_PATH} CMAKE_PREFIX_PATH=/home/laura/scara_ws/microros_ws/install/micro_ros_msgs:/opt/ros/jazzy/opt/gz_sim_vendor:/opt/ros/jazzy/opt/gz_sensors_vendor:/opt/ros/jazzy/opt/gz_physics_vendor:/opt/ros/jazzy/opt/sdformat_vendor:/opt/ros/jazzy/opt/gz_gui_vendor:/opt/ros/jazzy/opt/gz_transport_vendor:/opt/ros/jazzy/opt/gz_rendering_vendor:/opt/ros/jazzy/opt/gz_plugin_vendor:/opt/ros/jazzy/opt/gz_fuel_tools_vendor:/opt/ros/jazzy/opt/gz_msgs_vendor:/opt/ros/jazzy/opt/gz_common_vendor:/opt/ros/jazzy/opt/gz_math_vendor:/opt/ros/jazzy/opt/gz_utils_vendor:/opt/ros/jazzy/opt/gz_tools_vendor:/opt/ros/jazzy/opt/gz_ogre_next_vendor:/opt/ros/jazzy/opt/gz_dartsim_vendor:/opt/ros/jazzy/opt/gz_cmake_vendor:/opt/ros/jazzy DEBUGINFOD_URLS=https://debuginfod.ubuntu.com LD_LIBRARY_PATH=/home/laura/scara_ws/microros_ws/install/micro_ros_msgs/lib:${LD_LIBRARY_PATH} PYTHONPATH=/home/laura/scara_ws/microros_ws/install/micro_ros_msgs/lib/python3.12/site-packages:${PYTHONPATH} /usr/bin/cmake --build /home/laura/scara_ws/microros_ws/build/micro_ros_agent -- -j16 -l16
[6.526s] DEBUG:colcon.colcon_core.event_handler.log_command:Invoked command in '/home/laura/scara_ws/microros_ws/build/drive_base_msgs' returned '0': CMAKE_PREFIX_PATH=${CMAKE_PREFIX_PATH}:/opt/ros/jazzy DEBUGINFOD_URLS=https://debuginfod.ubuntu.com /usr/bin/cmake --build /home/laura/scara_ws/microros_ws/build/drive_base_msgs -- -j16 -l16
[6.527s] DEBUG:colcon.colcon_core.event_handler.log_command:Invoking command in '/home/laura/scara_ws/microros_ws/build/drive_base_msgs': CMAKE_PREFIX_PATH=${CMAKE_PREFIX_PATH}:/opt/ros/jazzy DEBUGINFOD_URLS=https://debuginfod.ubuntu.com /usr/bin/cmake --install /home/laura/scara_ws/microros_ws/build/drive_base_msgs
[6.591s] Level 1:colcon.colcon_core.environment:create_environment_scripts_only(drive_base_msgs)
[6.591s] Level 1:colcon.colcon_core.environment:checking '/home/laura/scara_ws/microros_ws/install/drive_base_msgs' for CMake module files
[6.592s] DEBUG:colcon.colcon_core.event_handler.log_command:Invoked command in '/home/laura/scara_ws/microros_ws/build/drive_base_msgs' returned '0': CMAKE_PREFIX_PATH=${CMAKE_PREFIX_PATH}:/opt/ros/jazzy DEBUGINFOD_URLS=https://debuginfod.ubuntu.com /usr/bin/cmake --install /home/laura/scara_ws/microros_ws/build/drive_base_msgs
[6.592s] Level 1:colcon.colcon_core.environment:checking '/home/laura/scara_ws/microros_ws/install/drive_base_msgs' for CMake config files
[6.592s] Level 1:colcon.colcon_core.shell:create_environment_hook('drive_base_msgs', 'cmake_prefix_path')
[6.592s] INFO:colcon.colcon_core.shell:Creating environment hook '/home/laura/scara_ws/microros_ws/install/drive_base_msgs/share/drive_base_msgs/hook/cmake_prefix_path.ps1'
[6.592s] INFO:colcon.colcon_core.shell:Creating environment descriptor '/home/laura/scara_ws/microros_ws/install/drive_base_msgs/share/drive_base_msgs/hook/cmake_prefix_path.dsv'
[6.593s] INFO:colcon.colcon_core.shell:Creating environment hook '/home/laura/scara_ws/microros_ws/install/drive_base_msgs/share/drive_base_msgs/hook/cmake_prefix_path.sh'
[6.593s] Level 1:colcon.colcon_core.environment:checking '/home/laura/scara_ws/microros_ws/install/drive_base_msgs/lib'
[6.593s] Level 1:colcon.colcon_core.shell:create_environment_hook('drive_base_msgs', 'ld_library_path_lib')
[6.593s] INFO:colcon.colcon_core.shell:Creating environment hook '/home/laura/scara_ws/microros_ws/install/drive_base_msgs/share/drive_base_msgs/hook/ld_library_path_lib.ps1'
[6.593s] INFO:colcon.colcon_core.shell:Creating environment descriptor '/home/laura/scara_ws/microros_ws/install/drive_base_msgs/share/drive_base_msgs/hook/ld_library_path_lib.dsv'
[6.594s] INFO:colcon.colcon_core.shell:Creating environment hook '/home/laura/scara_ws/microros_ws/install/drive_base_msgs/share/drive_base_msgs/hook/ld_library_path_lib.sh'
[6.594s] Level 1:colcon.colcon_core.environment:checking '/home/laura/scara_ws/microros_ws/install/drive_base_msgs/bin'
[6.594s] Level 1:colcon.colcon_core.environment:checking '/home/laura/scara_ws/microros_ws/install/drive_base_msgs/lib/pkgconfig/drive_base_msgs.pc'
[6.594s] Level 1:colcon.colcon_core.environment:checking '/home/laura/scara_ws/microros_ws/install/drive_base_msgs/lib/python3.12/site-packages'
[6.594s] Level 1:colcon.colcon_core.shell:create_environment_hook('drive_base_msgs', 'pythonpath')
[6.594s] INFO:colcon.colcon_core.shell:Creating environment hook '/home/laura/scara_ws/microros_ws/install/drive_base_msgs/share/drive_base_msgs/hook/pythonpath.ps1'
[6.594s] INFO:colcon.colcon_core.shell:Creating environment descriptor '/home/laura/scara_ws/microros_ws/install/drive_base_msgs/share/drive_base_msgs/hook/pythonpath.dsv'
[6.594s] INFO:colcon.colcon_core.shell:Creating environment hook '/home/laura/scara_ws/microros_ws/install/drive_base_msgs/share/drive_base_msgs/hook/pythonpath.sh'
[6.595s] Level 1:colcon.colcon_core.environment:checking '/home/laura/scara_ws/microros_ws/install/drive_base_msgs/bin'
[6.595s] INFO:colcon.colcon_core.shell:Creating package script '/home/laura/scara_ws/microros_ws/install/drive_base_msgs/share/drive_base_msgs/package.ps1'
[6.596s] INFO:colcon.colcon_core.shell:Creating package descriptor '/home/laura/scara_ws/microros_ws/install/drive_base_msgs/share/drive_base_msgs/package.dsv'
[6.596s] INFO:colcon.colcon_core.shell:Creating package script '/home/laura/scara_ws/microros_ws/install/drive_base_msgs/share/drive_base_msgs/package.sh'
[6.596s] INFO:colcon.colcon_core.shell:Creating package script '/home/laura/scara_ws/microros_ws/install/drive_base_msgs/share/drive_base_msgs/package.bash'
[6.596s] INFO:colcon.colcon_core.shell:Creating package script '/home/laura/scara_ws/microros_ws/install/drive_base_msgs/share/drive_base_msgs/package.zsh'
[6.596s] Level 1:colcon.colcon_core.environment:create_file_with_runtime_dependencies(/home/laura/scara_ws/microros_ws/install/drive_base_msgs/share/colcon-core/packages/drive_base_msgs)
[6.597s] Level 1:colcon.colcon_core.environment:create_environment_scripts_only(drive_base_msgs)
[6.597s] Level 1:colcon.colcon_core.environment:checking '/home/laura/scara_ws/microros_ws/install/drive_base_msgs' for CMake module files
[6.597s] Level 1:colcon.colcon_core.environment:checking '/home/laura/scara_ws/microros_ws/install/drive_base_msgs' for CMake config files
[6.597s] Level 1:colcon.colcon_core.shell:create_environment_hook('drive_base_msgs', 'cmake_prefix_path')
[6.597s] INFO:colcon.colcon_core.shell:Creating environment hook '/home/laura/scara_ws/microros_ws/install/drive_base_msgs/share/drive_base_msgs/hook/cmake_prefix_path.ps1'
[6.598s] INFO:colcon.colcon_core.shell:Creating environment descriptor '/home/laura/scara_ws/microros_ws/install/drive_base_msgs/share/drive_base_msgs/hook/cmake_prefix_path.dsv'
[6.598s] INFO:colcon.colcon_core.shell:Creating environment hook '/home/laura/scara_ws/microros_ws/install/drive_base_msgs/share/drive_base_msgs/hook/cmake_prefix_path.sh'
[6.598s] Level 1:colcon.colcon_core.environment:checking '/home/laura/scara_ws/microros_ws/install/drive_base_msgs/lib'
[6.598s] Level 1:colcon.colcon_core.shell:create_environment_hook('drive_base_msgs', 'ld_library_path_lib')
[6.598s] INFO:colcon.colcon_core.shell:Creating environment hook '/home/laura/scara_ws/microros_ws/install/drive_base_msgs/share/drive_base_msgs/hook/ld_library_path_lib.ps1'
[6.599s] INFO:colcon.colcon_core.shell:Creating environment descriptor '/home/laura/scara_ws/microros_ws/install/drive_base_msgs/share/drive_base_msgs/hook/ld_library_path_lib.dsv'
[6.599s] INFO:colcon.colcon_core.shell:Creating environment hook '/home/laura/scara_ws/microros_ws/install/drive_base_msgs/share/drive_base_msgs/hook/ld_library_path_lib.sh'
[6.599s] Level 1:colcon.colcon_core.environment:checking '/home/laura/scara_ws/microros_ws/install/drive_base_msgs/bin'
[6.599s] Level 1:colcon.colcon_core.environment:checking '/home/laura/scara_ws/microros_ws/install/drive_base_msgs/lib/pkgconfig/drive_base_msgs.pc'
[6.599s] Level 1:colcon.colcon_core.environment:checking '/home/laura/scara_ws/microros_ws/install/drive_base_msgs/lib/python3.12/site-packages'
[6.599s] Level 1:colcon.colcon_core.shell:create_environment_hook('drive_base_msgs', 'pythonpath')
[6.599s] INFO:colcon.colcon_core.shell:Creating environment hook '/home/laura/scara_ws/microros_ws/install/drive_base_msgs/share/drive_base_msgs/hook/pythonpath.ps1'
[6.600s] INFO:colcon.colcon_core.shell:Creating environment descriptor '/home/laura/scara_ws/microros_ws/install/drive_base_msgs/share/drive_base_msgs/hook/pythonpath.dsv'
[6.600s] INFO:colcon.colcon_core.shell:Creating environment hook '/home/laura/scara_ws/microros_ws/install/drive_base_msgs/share/drive_base_msgs/hook/pythonpath.sh'
[6.600s] Level 1:colcon.colcon_core.environment:checking '/home/laura/scara_ws/microros_ws/install/drive_base_msgs/bin'
[6.600s] INFO:colcon.colcon_core.shell:Creating package script '/home/laura/scara_ws/microros_ws/install/drive_base_msgs/share/drive_base_msgs/package.ps1'
[6.601s] INFO:colcon.colcon_core.shell:Creating package descriptor '/home/laura/scara_ws/microros_ws/install/drive_base_msgs/share/drive_base_msgs/package.dsv'
[6.601s] INFO:colcon.colcon_core.shell:Creating package script '/home/laura/scara_ws/microros_ws/install/drive_base_msgs/share/drive_base_msgs/package.sh'
[6.601s] INFO:colcon.colcon_core.shell:Creating package script '/home/laura/scara_ws/microros_ws/install/drive_base_msgs/share/drive_base_msgs/package.bash'
[6.602s] INFO:colcon.colcon_core.shell:Creating package script '/home/laura/scara_ws/microros_ws/install/drive_base_msgs/share/drive_base_msgs/package.zsh'
[6.602s] Level 1:colcon.colcon_core.environment:create_file_with_runtime_dependencies(/home/laura/scara_ws/microros_ws/install/drive_base_msgs/share/colcon-core/packages/drive_base_msgs)
[156.613s] DEBUG:colcon.colcon_core.event_handler.log_command:Invoked command in '/home/laura/scara_ws/microros_ws/build/micro_ros_agent' returned '0': AMENT_PREFIX_PATH=/home/laura/scara_ws/microros_ws/install/micro_ros_msgs:${AMENT_PREFIX_PATH} CMAKE_PREFIX_PATH=/home/laura/scara_ws/microros_ws/install/micro_ros_msgs:/opt/ros/jazzy/opt/gz_sim_vendor:/opt/ros/jazzy/opt/gz_sensors_vendor:/opt/ros/jazzy/opt/gz_physics_vendor:/opt/ros/jazzy/opt/sdformat_vendor:/opt/ros/jazzy/opt/gz_gui_vendor:/opt/ros/jazzy/opt/gz_transport_vendor:/opt/ros/jazzy/opt/gz_rendering_vendor:/opt/ros/jazzy/opt/gz_plugin_vendor:/opt/ros/jazzy/opt/gz_fuel_tools_vendor:/opt/ros/jazzy/opt/gz_msgs_vendor:/opt/ros/jazzy/opt/gz_common_vendor:/opt/ros/jazzy/opt/gz_math_vendor:/opt/ros/jazzy/opt/gz_utils_vendor:/opt/ros/jazzy/opt/gz_tools_vendor:/opt/ros/jazzy/opt/gz_ogre_next_vendor:/opt/ros/jazzy/opt/gz_dartsim_vendor:/opt/ros/jazzy/opt/gz_cmake_vendor:/opt/ros/jazzy DEBUGINFOD_URLS=https://debuginfod.ubuntu.com LD_LIBRARY_PATH=/home/laura/scara_ws/microros_ws/install/micro_ros_msgs/lib:${LD_LIBRARY_PATH} PYTHONPATH=/home/laura/scara_ws/microros_ws/install/micro_ros_msgs/lib/python3.12/site-packages:${PYTHONPATH} /usr/bin/cmake --build /home/laura/scara_ws/microros_ws/build/micro_ros_agent -- -j16 -l16
[156.614s] DEBUG:colcon.colcon_core.event_handler.log_command:Invoking command in '/home/laura/scara_ws/microros_ws/build/micro_ros_agent': AMENT_PREFIX_PATH=/home/laura/scara_ws/microros_ws/install/micro_ros_msgs:${AMENT_PREFIX_PATH} CMAKE_PREFIX_PATH=/home/laura/scara_ws/microros_ws/install/micro_ros_msgs:/opt/ros/jazzy/opt/gz_sim_vendor:/opt/ros/jazzy/opt/gz_sensors_vendor:/opt/ros/jazzy/opt/gz_physics_vendor:/opt/ros/jazzy/opt/sdformat_vendor:/opt/ros/jazzy/opt/gz_gui_vendor:/opt/ros/jazzy/opt/gz_transport_vendor:/opt/ros/jazzy/opt/gz_rendering_vendor:/opt/ros/jazzy/opt/gz_plugin_vendor:/opt/ros/jazzy/opt/gz_fuel_tools_vendor:/opt/ros/jazzy/opt/gz_msgs_vendor:/opt/ros/jazzy/opt/gz_common_vendor:/opt/ros/jazzy/opt/gz_math_vendor:/opt/ros/jazzy/opt/gz_utils_vendor:/opt/ros/jazzy/opt/gz_tools_vendor:/opt/ros/jazzy/opt/gz_ogre_next_vendor:/opt/ros/jazzy/opt/gz_dartsim_vendor:/opt/ros/jazzy/opt/gz_cmake_vendor:/opt/ros/jazzy DEBUGINFOD_URLS=https://debuginfod.ubuntu.com LD_LIBRARY_PATH=/home/laura/scara_ws/microros_ws/install/micro_ros_msgs/lib:${LD_LIBRARY_PATH} PYTHONPATH=/home/laura/scara_ws/microros_ws/install/micro_ros_msgs/lib/python3.12/site-packages:${PYTHONPATH} /usr/bin/cmake --install /home/laura/scara_ws/microros_ws/build/micro_ros_agent
[156.622s] Level 1:colcon.colcon_core.environment:create_environment_scripts_only(micro_ros_agent)
[156.622s] DEBUG:colcon.colcon_core.event_handler.log_command:Invoked command in '/home/laura/scara_ws/microros_ws/build/micro_ros_agent' returned '0': AMENT_PREFIX_PATH=/home/laura/scara_ws/microros_ws/install/micro_ros_msgs:${AMENT_PREFIX_PATH} CMAKE_PREFIX_PATH=/home/laura/scara_ws/microros_ws/install/micro_ros_msgs:/opt/ros/jazzy/opt/gz_sim_vendor:/opt/ros/jazzy/opt/gz_sensors_vendor:/opt/ros/jazzy/opt/gz_physics_vendor:/opt/ros/jazzy/opt/sdformat_vendor:/opt/ros/jazzy/opt/gz_gui_vendor:/opt/ros/jazzy/opt/gz_transport_vendor:/opt/ros/jazzy/opt/gz_rendering_vendor:/opt/ros/jazzy/opt/gz_plugin_vendor:/opt/ros/jazzy/opt/gz_fuel_tools_vendor:/opt/ros/jazzy/opt/gz_msgs_vendor:/opt/ros/jazzy/opt/gz_common_vendor:/opt/ros/jazzy/opt/gz_math_vendor:/opt/ros/jazzy/opt/gz_utils_vendor:/opt/ros/jazzy/opt/gz_tools_vendor:/opt/ros/jazzy/opt/gz_ogre_next_vendor:/opt/ros/jazzy/opt/gz_dartsim_vendor:/opt/ros/jazzy/opt/gz_cmake_vendor:/opt/ros/jazzy DEBUGINFOD_URLS=https://debuginfod.ubuntu.com LD_LIBRARY_PATH=/home/laura/scara_ws/microros_ws/install/micro_ros_msgs/lib:${LD_LIBRARY_PATH} PYTHONPATH=/home/laura/scara_ws/microros_ws/install/micro_ros_msgs/lib/python3.12/site-packages:${PYTHONPATH} /usr/bin/cmake --install /home/laura/scara_ws/microros_ws/build/micro_ros_agent
[156.623s] Level 1:colcon.colcon_core.environment:checking '/home/laura/scara_ws/microros_ws/install/micro_ros_agent' for CMake module files
[156.623s] Level 1:colcon.colcon_core.environment:checking '/home/laura/scara_ws/microros_ws/install/micro_ros_agent' for CMake config files
[156.623s] Level 1:colcon.colcon_core.shell:create_environment_hook('micro_ros_agent', 'cmake_prefix_path')
[156.623s] INFO:colcon.colcon_core.shell:Creating environment hook '/home/laura/scara_ws/microros_ws/install/micro_ros_agent/share/micro_ros_agent/hook/cmake_prefix_path.ps1'
[156.623s] INFO:colcon.colcon_core.shell:Creating environment descriptor '/home/laura/scara_ws/microros_ws/install/micro_ros_agent/share/micro_ros_agent/hook/cmake_prefix_path.dsv'
[156.624s] INFO:colcon.colcon_core.shell:Creating environment hook '/home/laura/scara_ws/microros_ws/install/micro_ros_agent/share/micro_ros_agent/hook/cmake_prefix_path.sh'
[156.624s] Level 1:colcon.colcon_core.environment:checking '/home/laura/scara_ws/microros_ws/install/micro_ros_agent/lib'
[156.624s] Level 1:colcon.colcon_core.shell:create_environment_hook('micro_ros_agent', 'ld_library_path_lib')
[156.624s] INFO:colcon.colcon_core.shell:Creating environment hook '/home/laura/scara_ws/microros_ws/install/micro_ros_agent/share/micro_ros_agent/hook/ld_library_path_lib.ps1'
[156.624s] INFO:colcon.colcon_core.shell:Creating environment descriptor '/home/laura/scara_ws/microros_ws/install/micro_ros_agent/share/micro_ros_agent/hook/ld_library_path_lib.dsv'
[156.625s] INFO:colcon.colcon_core.shell:Creating environment hook '/home/laura/scara_ws/microros_ws/install/micro_ros_agent/share/micro_ros_agent/hook/ld_library_path_lib.sh'
[156.625s] Level 1:colcon.colcon_core.environment:checking '/home/laura/scara_ws/microros_ws/install/micro_ros_agent/bin'
[156.625s] Level 1:colcon.colcon_core.environment:checking '/home/laura/scara_ws/microros_ws/install/micro_ros_agent/lib/pkgconfig/micro_ros_agent.pc'
[156.625s] Level 1:colcon.colcon_core.environment:checking '/home/laura/scara_ws/microros_ws/install/micro_ros_agent/lib/python3.12/site-packages'
[156.625s] Level 1:colcon.colcon_core.environment:checking '/home/laura/scara_ws/microros_ws/install/micro_ros_agent/bin'
[156.625s] INFO:colcon.colcon_core.shell:Creating package script '/home/laura/scara_ws/microros_ws/install/micro_ros_agent/share/micro_ros_agent/package.ps1'
[156.626s] INFO:colcon.colcon_core.shell:Creating package descriptor '/home/laura/scara_ws/microros_ws/install/micro_ros_agent/share/micro_ros_agent/package.dsv'
[156.626s] INFO:colcon.colcon_core.shell:Creating package script '/home/laura/scara_ws/microros_ws/install/micro_ros_agent/share/micro_ros_agent/package.sh'
[156.626s] INFO:colcon.colcon_core.shell:Creating package script '/home/laura/scara_ws/microros_ws/install/micro_ros_agent/share/micro_ros_agent/package.bash'
[156.626s] INFO:colcon.colcon_core.shell:Creating package script '/home/laura/scara_ws/microros_ws/install/micro_ros_agent/share/micro_ros_agent/package.zsh'
[156.626s] Level 1:colcon.colcon_core.environment:create_file_with_runtime_dependencies(/home/laura/scara_ws/microros_ws/install/micro_ros_agent/share/colcon-core/packages/micro_ros_agent)
[156.627s] Level 1:colcon.colcon_core.environment:create_environment_scripts_only(micro_ros_agent)
[156.627s] Level 1:colcon.colcon_core.environment:checking '/home/laura/scara_ws/microros_ws/install/micro_ros_agent' for CMake module files
[156.627s] Level 1:colcon.colcon_core.environment:checking '/home/laura/scara_ws/microros_ws/install/micro_ros_agent' for CMake config files
[156.627s] Level 1:colcon.colcon_core.shell:create_environment_hook('micro_ros_agent', 'cmake_prefix_path')
[156.627s] INFO:colcon.colcon_core.shell:Creating environment hook '/home/laura/scara_ws/microros_ws/install/micro_ros_agent/share/micro_ros_agent/hook/cmake_prefix_path.ps1'
[156.628s] INFO:colcon.colcon_core.shell:Creating environment descriptor '/home/laura/scara_ws/microros_ws/install/micro_ros_agent/share/micro_ros_agent/hook/cmake_prefix_path.dsv'
[156.628s] INFO:colcon.colcon_core.shell:Creating environment hook '/home/laura/scara_ws/microros_ws/install/micro_ros_agent/share/micro_ros_agent/hook/cmake_prefix_path.sh'
[156.628s] Level 1:colcon.colcon_core.environment:checking '/home/laura/scara_ws/microros_ws/install/micro_ros_agent/lib'
[156.628s] Level 1:colcon.colcon_core.shell:create_environment_hook('micro_ros_agent', 'ld_library_path_lib')
[156.628s] INFO:colcon.colcon_core.shell:Creating environment hook '/home/laura/scara_ws/microros_ws/install/micro_ros_agent/share/micro_ros_agent/hook/ld_library_path_lib.ps1'
[156.628s] INFO:colcon.colcon_core.shell:Creating environment descriptor '/home/laura/scara_ws/microros_ws/install/micro_ros_agent/share/micro_ros_agent/hook/ld_library_path_lib.dsv'
[156.629s] INFO:colcon.colcon_core.shell:Creating environment hook '/home/laura/scara_ws/microros_ws/install/micro_ros_agent/share/micro_ros_agent/hook/ld_library_path_lib.sh'
[156.629s] Level 1:colcon.colcon_core.environment:checking '/home/laura/scara_ws/microros_ws/install/micro_ros_agent/bin'
[156.629s] Level 1:colcon.colcon_core.environment:checking '/home/laura/scara_ws/microros_ws/install/micro_ros_agent/lib/pkgconfig/micro_ros_agent.pc'
[156.629s] Level 1:colcon.colcon_core.environment:checking '/home/laura/scara_ws/microros_ws/install/micro_ros_agent/lib/python3.12/site-packages'
[156.629s] Level 1:colcon.colcon_core.environment:checking '/home/laura/scara_ws/microros_ws/install/micro_ros_agent/bin'
[156.629s] INFO:colcon.colcon_core.shell:Creating package script '/home/laura/scara_ws/microros_ws/install/micro_ros_agent/share/micro_ros_agent/package.ps1'
[156.630s] INFO:colcon.colcon_core.shell:Creating package descriptor '/home/laura/scara_ws/microros_ws/install/micro_ros_agent/share/micro_ros_agent/package.dsv'
[156.630s] INFO:colcon.colcon_core.shell:Creating package script '/home/laura/scara_ws/microros_ws/install/micro_ros_agent/share/micro_ros_agent/package.sh'
[156.630s] INFO:colcon.colcon_core.shell:Creating package script '/home/laura/scara_ws/microros_ws/install/micro_ros_agent/share/micro_ros_agent/package.bash'
[156.630s] INFO:colcon.colcon_core.shell:Creating package script '/home/laura/scara_ws/microros_ws/install/micro_ros_agent/share/micro_ros_agent/package.zsh'
[156.631s] Level 1:colcon.colcon_core.environment:create_file_with_runtime_dependencies(/home/laura/scara_ws/microros_ws/install/micro_ros_agent/share/colcon-core/packages/micro_ros_agent)
[156.631s] DEBUG:colcon.colcon_parallel_executor.executor.parallel:closing loop
[156.631s] DEBUG:colcon.colcon_parallel_executor.executor.parallel:loop closed
[156.631s] DEBUG:colcon.colcon_parallel_executor.executor.parallel:run_until_complete finished with '0'
[156.631s] DEBUG:colcon.colcon_core.event_reactor:joining thread
[156.637s] INFO:colcon.colcon_core.plugin_system:Skipping extension 'colcon_notification.desktop_notification.terminal_notifier': Not used on non-Darwin systems
[156.637s] INFO:colcon.colcon_core.plugin_system:Skipping extension 'colcon_notification.desktop_notification.win32': Not used on non-Windows systems
[156.637s] INFO:colcon.colcon_notification.desktop_notification:Sending desktop notification using 'notify2'
[156.645s] DEBUG:colcon.colcon_core.event_reactor:joined thread
[156.645s] INFO:colcon.colcon_core.shell:Creating prefix script '/home/laura/scara_ws/microros_ws/install/local_setup.ps1'
[156.647s] INFO:colcon.colcon_core.shell:Creating prefix util module '/home/laura/scara_ws/microros_ws/install/_local_setup_util_ps1.py'
[156.648s] INFO:colcon.colcon_core.shell:Creating prefix chain script '/home/laura/scara_ws/microros_ws/install/setup.ps1'
[156.649s] INFO:colcon.colcon_core.shell:Creating prefix script '/home/laura/scara_ws/microros_ws/install/local_setup.sh'
[156.649s] INFO:colcon.colcon_core.shell:Creating prefix util module '/home/laura/scara_ws/microros_ws/install/_local_setup_util_sh.py'
[156.650s] INFO:colcon.colcon_core.shell:Creating prefix chain script '/home/laura/scara_ws/microros_ws/install/setup.sh'
[156.650s] INFO:colcon.colcon_core.shell:Creating prefix script '/home/laura/scara_ws/microros_ws/install/local_setup.bash'
[156.651s] INFO:colcon.colcon_core.shell:Creating prefix chain script '/home/laura/scara_ws/microros_ws/install/setup.bash'
[156.652s] INFO:colcon.colcon_core.shell:Creating prefix script '/home/laura/scara_ws/microros_ws/install/local_setup.zsh'
[156.652s] INFO:colcon.colcon_core.shell:Creating prefix chain script '/home/laura/scara_ws/microros_ws/install/setup.zsh'
